chrom	chromStart	chromEnd	name	score	strand	exon	org	match	mismatch	unknown	unaligned
chr1	15721139	15721144	GCGCC	1	+	chr1:15721329-15721388	ailMel1	4	1	0	0
chr1	15721139	15721144	GCGCC	1	+	chr1:15721329-15721388	bosTau8	4	1	0	0
chr1	15721139	15721144	GCGCC	1	+	chr1:15721329-15721388	calJac3	3	2	0	0
chr1	15721139	15721144	GCGCC	1	+	chr1:15721329-15721388	camFer1	4	1	0	0
chr1	15721139	15721144	GCGCC	1	+	chr1:15721329-15721388	capHir1	4	1	0	0
chr1	15721139	15721144	GCGCC	1	+	chr1:15721329-15721388	cavPor3	4	1	0	0
chr1	15721139	15721144	GCGCC	1	+	chr1:15721329-15721388	cerSim1	4	1	0	0
chr1	15721139	15721144	GCGCC	1	+	chr1:15721329-15721388	cheMyd1	1	4	0	0
chr1	15721139	15721144	GCGCC	1	+	chr1:15721329-15721388	chiLan1	4	1	0	0
chr1	15721139	15721144	GCGCC	1	+	chr1:15721329-15721388	chlSab2	4	1	0	0
chr1	15721139	15721144	GCGCC	1	+	chr1:15721329-15721388	chrAsi1	3	2	0	0
chr1	15721139	15721144	GCGCC	1	+	chr1:15721329-15721388	conCri1	5	0	0	0
chr1	15721139	15721144	GCGCC	1	+	chr1:15721329-15721388	dasNov3	3	2	0	0
chr1	15721139	15721144	GCGCC	1	+	chr1:15721329-15721388	echTel2	3	2	0	0
chr1	15721139	15721144	GCGCC	1	+	chr1:15721329-15721388	eleEdw1	4	1	0	0
chr1	15721139	15721144	GCGCC	1	+	chr1:15721329-15721388	eptFus1	0	5	0	0
chr1	15721139	15721144	GCGCC	1	+	chr1:15721329-15721388	equCab2	4	1	0	0
chr1	15721139	15721144	GCGCC	1	+	chr1:15721329-15721388	eriEur2	3	2	0	0
chr1	15721139	15721144	GCGCC	1	+	chr1:15721329-15721388	felCat8	3	2	0	0
chr1	15721139	15721144	GCGCC	1	+	chr1:15721329-15721388	gorGor3	5	0	0	0
chr1	15721139	15721144	GCGCC	1	+	chr1:15721329-15721388	hetGla2	4	1	0	0
chr1	15721139	15721144	GCGCC	1	+	chr1:15721329-15721388	lepWed1	3	2	0	0
chr1	15721139	15721144	GCGCC	1	+	chr1:15721329-15721388	loxAfr3	4	1	0	0
chr1	15721139	15721144	GCGCC	1	+	chr1:15721329-15721388	macEug2	1	4	0	0
chr1	15721139	15721144	GCGCC	1	+	chr1:15721329-15721388	macFas5	4	1	0	0
chr1	15721139	15721144	GCGCC	1	+	chr1:15721329-15721388	musFur1	2	3	0	0
chr1	15721139	15721144	GCGCC	1	+	chr1:15721329-15721388	myoDav1	0	5	0	0
chr1	15721139	15721144	GCGCC	1	+	chr1:15721329-15721388	myoLuc2	0	5	0	0
chr1	15721139	15721144	GCGCC	1	+	chr1:15721329-15721388	nomLeu3	5	0	0	0
chr1	15721139	15721144	GCGCC	1	+	chr1:15721329-15721388	ochPri3	4	1	0	0
chr1	15721139	15721144	GCGCC	1	+	chr1:15721329-15721388	octDeg1	0	5	0	0
chr1	15721139	15721144	GCGCC	1	+	chr1:15721329-15721388	odoRosDiv1	3	2	0	0
chr1	15721139	15721144	GCGCC	1	+	chr1:15721329-15721388	orcOrc1	2	3	0	0
chr1	15721139	15721144	GCGCC	1	+	chr1:15721329-15721388	oryAfe1	4	1	0	0
chr1	15721139	15721144	GCGCC	1	+	chr1:15721329-15721388	oryCun2	4	1	0	0
chr1	15721139	15721144	GCGCC	1	+	chr1:15721329-15721388	otoGar3	4	1	0	0
chr1	15721139	15721144	GCGCC	1	+	chr1:15721329-15721388	oviAri3	4	1	0	0
chr1	15721139	15721144	GCGCC	1	+	chr1:15721329-15721388	panHod1	4	1	0	0
chr1	15721139	15721144	GCGCC	1	+	chr1:15721329-15721388	panTro4	5	0	0	0
chr1	15721139	15721144	GCGCC	1	+	chr1:15721329-15721388	papAnu2	4	1	0	0
chr1	15721139	15721144	GCGCC	1	+	chr1:15721329-15721388	ponAbe2	5	0	0	0
chr1	15721139	15721144	GCGCC	1	+	chr1:15721329-15721388	pseHum1	1	4	0	0
chr1	15721139	15721144	GCGCC	1	+	chr1:15721329-15721388	pteAle1	3	2	0	0
chr1	15721139	15721144	GCGCC	1	+	chr1:15721329-15721388	rheMac3	4	1	0	0
chr1	15721139	15721144	GCGCC	1	+	chr1:15721329-15721388	rn6	3	2	0	0
chr1	15721139	15721144	GCGCC	1	+	chr1:15721329-15721388	saiBol1	4	1	0	0
chr1	15721139	15721144	GCGCC	1	+	chr1:15721329-15721388	sorAra2	2	3	0	0
chr1	15721139	15721144	GCGCC	1	+	chr1:15721329-15721388	susScr3	4	1	0	0
chr1	15721139	15721144	GCGCC	1	+	chr1:15721329-15721388	triMan1	4	1	0	0
chr1	15721139	15721144	GCGCC	1	+	chr1:15721329-15721388	tupChi1	4	1	0	0
chr1	15721139	15721144	GCGCC	1	+	chr1:15721329-15721388	turTru2	2	3	0	0
chr1	15721139	15721144	GCGCC	1	+	chr1:15721329-15721388	vicPac2	4	1	0	0
chr1	26294607	26294612	GGCGC	1	-	chr1:26294205-26294331	ailMel1	4	1	0	0
chr1	26294607	26294612	GGCGC	1	-	chr1:26294205-26294331	bosTau8	2	3	0	0
chr1	26294607	26294612	GGCGC	1	-	chr1:26294205-26294331	calJac3	5	0	0	0
chr1	26294607	26294612	GGCGC	1	-	chr1:26294205-26294331	camFer1	2	3	0	0
chr1	26294607	26294612	GGCGC	1	-	chr1:26294205-26294331	canFam3	3	2	0	0
chr1	26294607	26294612	GGCGC	1	-	chr1:26294205-26294331	capHir1	2	3	0	0
chr1	26294607	26294612	GGCGC	1	-	chr1:26294205-26294331	cavPor3	3	2	0	0
chr1	26294607	26294612	GGCGC	1	-	chr1:26294205-26294331	cerSim1	2	3	0	0
chr1	26294607	26294612	GGCGC	1	-	chr1:26294205-26294331	chiLan1	3	2	0	0
chr1	26294607	26294612	GGCGC	1	-	chr1:26294205-26294331	chlSab2	4	1	0	0
chr1	26294607	26294612	GGCGC	1	-	chr1:26294205-26294331	chrAsi1	0	5	0	0
chr1	26294607	26294612	GGCGC	1	-	chr1:26294205-26294331	conCri1	1	4	0	0
chr1	26294607	26294612	GGCGC	1	-	chr1:26294205-26294331	criGri1	2	3	0	0
chr1	26294607	26294612	GGCGC	1	-	chr1:26294205-26294331	echTel2	1	4	0	0
chr1	26294607	26294612	GGCGC	1	-	chr1:26294205-26294331	eleEdw1	2	3	0	0
chr1	26294607	26294612	GGCGC	1	-	chr1:26294205-26294331	eptFus1	3	2	0	0
chr1	26294607	26294612	GGCGC	1	-	chr1:26294205-26294331	equCab2	2	3	0	0
chr1	26294607	26294612	GGCGC	1	-	chr1:26294205-26294331	eriEur2	4	1	0	0
chr1	26294607	26294612	GGCGC	1	-	chr1:26294205-26294331	felCat8	3	2	0	0
chr1	26294607	26294612	GGCGC	1	-	chr1:26294205-26294331	gorGor3	5	0	0	0
chr1	26294607	26294612	GGCGC	1	-	chr1:26294205-26294331	hetGla2	4	1	0	0
chr1	26294607	26294612	GGCGC	1	-	chr1:26294205-26294331	jacJac1	2	3	0	0
chr1	26294607	26294612	GGCGC	1	-	chr1:26294205-26294331	lepWed1	3	2	0	0
chr1	26294607	26294612	GGCGC	1	-	chr1:26294205-26294331	loxAfr3	2	3	0	0
chr1	26294607	26294612	GGCGC	1	-	chr1:26294205-26294331	macFas5	4	1	0	0
chr1	26294607	26294612	GGCGC	1	-	chr1:26294205-26294331	mesAur1	1	4	0	0
chr1	26294607	26294612	GGCGC	1	-	chr1:26294205-26294331	mm10	3	2	0	0
chr1	26294607	26294612	GGCGC	1	-	chr1:26294205-26294331	musFur1	3	2	0	0
chr1	26294607	26294612	GGCGC	1	-	chr1:26294205-26294331	myoDav1	3	2	0	0
chr1	26294607	26294612	GGCGC	1	-	chr1:26294205-26294331	myoLuc2	2	3	0	0
chr1	26294607	26294612	GGCGC	1	-	chr1:26294205-26294331	nomLeu3	4	1	0	0
chr1	26294607	26294612	GGCGC	1	-	chr1:26294205-26294331	ochPri3	3	2	0	0
chr1	26294607	26294612	GGCGC	1	-	chr1:26294205-26294331	octDeg1	3	2	0	0
chr1	26294607	26294612	GGCGC	1	-	chr1:26294205-26294331	odoRosDiv1	3	2	0	0
chr1	26294607	26294612	GGCGC	1	-	chr1:26294205-26294331	orcOrc1	2	3	0	0
chr1	26294607	26294612	GGCGC	1	-	chr1:26294205-26294331	oryCun2	4	1	0	0
chr1	26294607	26294612	GGCGC	1	-	chr1:26294205-26294331	otoGar3	4	1	0	0
chr1	26294607	26294612	GGCGC	1	-	chr1:26294205-26294331	oviAri3	2	3	0	0
chr1	26294607	26294612	GGCGC	1	-	chr1:26294205-26294331	panHod1	3	2	0	0
chr1	26294607	26294612	GGCGC	1	-	chr1:26294205-26294331	panTro4	5	0	0	0
chr1	26294607	26294612	GGCGC	1	-	chr1:26294205-26294331	papAnu2	4	1	0	0
chr1	26294607	26294612	GGCGC	1	-	chr1:26294205-26294331	ponAbe2	5	0	0	0
chr1	26294607	26294612	GGCGC	1	-	chr1:26294205-26294331	pteAle1	2	3	0	0
chr1	26294607	26294612	GGCGC	1	-	chr1:26294205-26294331	pteVam1	2	3	0	0
chr1	26294607	26294612	GGCGC	1	-	chr1:26294205-26294331	rheMac3	4	1	0	0
chr1	26294607	26294612	GGCGC	1	-	chr1:26294205-26294331	rn6	3	2	0	0
chr1	26294607	26294612	GGCGC	1	-	chr1:26294205-26294331	saiBol1	5	0	0	0
chr1	26294607	26294612	GGCGC	1	-	chr1:26294205-26294331	sorAra2	2	3	0	0
chr1	26294607	26294612	GGCGC	1	-	chr1:26294205-26294331	susScr3	2	3	0	0
chr1	26294607	26294612	GGCGC	1	-	chr1:26294205-26294331	triMan1	1	4	0	0
chr1	26294607	26294612	GGCGC	1	-	chr1:26294205-26294331	turTru2	2	3	0	0
chr1	26294607	26294612	GGCGC	1	-	chr1:26294205-26294331	vicPac2	2	3	0	0
chr1	156245698	156245703	GCGCC	1	-	chr1:156245535-156245661	ailMel1	4	1	0	0
chr1	156245698	156245703	GCGCC	1	-	chr1:156245535-156245661	allMis1	0	2	0	3
chr1	156245698	156245703	GCGCC	1	-	chr1:156245535-156245661	anaPla1	0	2	0	3
chr1	156245698	156245703	GCGCC	1	-	chr1:156245535-156245661	bosTau8	2	1	0	2
chr1	156245698	156245703	GCGCC	1	-	chr1:156245535-156245661	calJac3	5	0	0	0
chr1	156245698	156245703	GCGCC	1	-	chr1:156245535-156245661	cavPor3	3	2	0	0
chr1	156245698	156245703	GCGCC	1	-	chr1:156245535-156245661	cerSim1	3	2	0	0
chr1	156245698	156245703	GCGCC	1	-	chr1:156245535-156245661	cheMyd1	1	3	0	1
chr1	156245698	156245703	GCGCC	1	-	chr1:156245535-156245661	chiLan1	2	3	0	0
chr1	156245698	156245703	GCGCC	1	-	chr1:156245535-156245661	chlSab2	4	1	0	0
chr1	156245698	156245703	GCGCC	1	-	chr1:156245535-156245661	chrAsi1	4	1	0	0
chr1	156245698	156245703	GCGCC	1	-	chr1:156245535-156245661	chrPic2	1	3	0	1
chr1	156245698	156245703	GCGCC	1	-	chr1:156245535-156245661	colLiv1	0	2	0	3
chr1	156245698	156245703	GCGCC	1	-	chr1:156245535-156245661	conCri1	4	1	0	0
chr1	156245698	156245703	GCGCC	1	-	chr1:156245535-156245661	criGri1	1	3	0	1
chr1	156245698	156245703	GCGCC	1	-	chr1:156245535-156245661	dasNov3	4	1	0	0
chr1	156245698	156245703	GCGCC	1	-	chr1:156245535-156245661	echTel2	0	2	0	3
chr1	156245698	156245703	GCGCC	1	-	chr1:156245535-156245661	eleEdw1	4	1	0	0
chr1	156245698	156245703	GCGCC	1	-	chr1:156245535-156245661	eptFus1	3	2	0	0
chr1	156245698	156245703	GCGCC	1	-	chr1:156245535-156245661	equCab2	4	1	0	0
chr1	156245698	156245703	GCGCC	1	-	chr1:156245535-156245661	eriEur2	0	2	0	3
chr1	156245698	156245703	GCGCC	1	-	chr1:156245535-156245661	ficAlb2	0	2	0	3
chr1	156245698	156245703	GCGCC	1	-	chr1:156245535-156245661	fr3	5	0	0	0
chr1	156245698	156245703	GCGCC	1	-	chr1:156245535-156245661	galGal4	0	2	0	3
chr1	156245698	156245703	GCGCC	1	-	chr1:156245535-156245661	gasAcu1	3	2	0	0
chr1	156245698	156245703	GCGCC	1	-	chr1:156245535-156245661	gorGor3	5	0	0	0
chr1	156245698	156245703	GCGCC	1	-	chr1:156245535-156245661	hetGla2	1	1	0	3
chr1	156245698	156245703	GCGCC	1	-	chr1:156245535-156245661	jacJac1	1	1	0	3
chr1	156245698	156245703	GCGCC	1	-	chr1:156245535-156245661	latCha1	2	1	0	2
chr1	156245698	156245703	GCGCC	1	-	chr1:156245535-156245661	lepOcu1	4	0	0	1
chr1	156245698	156245703	GCGCC	1	-	chr1:156245535-156245661	lepWed1	5	0	0	0
chr1	156245698	156245703	GCGCC	1	-	chr1:156245535-156245661	loxAfr3	4	1	0	0
chr1	156245698	156245703	GCGCC	1	-	chr1:156245535-156245661	macEug2	2	0	0	3
chr1	156245698	156245703	GCGCC	1	-	chr1:156245535-156245661	macFas5	4	1	0	0
chr1	156245698	156245703	GCGCC	1	-	chr1:156245535-156245661	melGal1	0	2	0	3
chr1	156245698	156245703	GCGCC	1	-	chr1:156245535-156245661	mesAur1	1	3	0	1
chr1	156245698	156245703	GCGCC	1	-	chr1:156245535-156245661	micOch1	1	3	0	1
chr1	156245698	156245703	GCGCC	1	-	chr1:156245535-156245661	mm10	1	3	0	1
chr1	156245698	156245703	GCGCC	1	-	chr1:156245535-156245661	monDom5	2	0	0	3
chr1	156245698	156245703	GCGCC	1	-	chr1:156245535-156245661	musFur1	4	1	0	0
chr1	156245698	156245703	GCGCC	1	-	chr1:156245535-156245661	myoLuc2	2	3	0	0
chr1	156245698	156245703	GCGCC	1	-	chr1:156245535-156245661	nomLeu3	5	0	0	0
chr1	156245698	156245703	GCGCC	1	-	chr1:156245535-156245661	ochPri3	4	1	0	0
chr1	156245698	156245703	GCGCC	1	-	chr1:156245535-156245661	octDeg1	2	3	0	0
chr1	156245698	156245703	GCGCC	1	-	chr1:156245535-156245661	odoRosDiv1	5	0	0	0
chr1	156245698	156245703	GCGCC	1	-	chr1:156245535-156245661	orcOrc1	2	1	0	2
chr1	156245698	156245703	GCGCC	1	-	chr1:156245535-156245661	oryAfe1	3	2	0	0
chr1	156245698	156245703	GCGCC	1	-	chr1:156245535-156245661	oryCun2	4	1	0	0
chr1	156245698	156245703	GCGCC	1	-	chr1:156245535-156245661	otoGar3	2	2	0	1
chr1	156245698	156245703	GCGCC	1	-	chr1:156245535-156245661	oviAri3	2	1	0	2
chr1	156245698	156245703	GCGCC	1	-	chr1:156245535-156245661	panTro4	5	0	0	0
chr1	156245698	156245703	GCGCC	1	-	chr1:156245535-156245661	papAnu2	4	1	0	0
chr1	156245698	156245703	GCGCC	1	-	chr1:156245535-156245661	pelSin1	0	4	0	1
chr1	156245698	156245703	GCGCC	1	-	chr1:156245535-156245661	ponAbe2	5	0	0	0
chr1	156245698	156245703	GCGCC	1	-	chr1:156245535-156245661	pseHum1	0	2	0	3
chr1	156245698	156245703	GCGCC	1	-	chr1:156245535-156245661	rheMac3	4	1	0	0
chr1	156245698	156245703	GCGCC	1	-	chr1:156245535-156245661	rn6	0	4	0	1
chr1	156245698	156245703	GCGCC	1	-	chr1:156245535-156245661	saiBol1	5	0	0	0
chr1	156245698	156245703	GCGCC	1	-	chr1:156245535-156245661	sarHar1	2	0	0	3
chr1	156245698	156245703	GCGCC	1	-	chr1:156245535-156245661	sorAra2	0	2	0	3
chr1	156245698	156245703	GCGCC	1	-	chr1:156245535-156245661	speTri2	2	3	0	0
chr1	156245698	156245703	GCGCC	1	-	chr1:156245535-156245661	susScr3	3	2	0	0
chr1	156245698	156245703	GCGCC	1	-	chr1:156245535-156245661	tetNig2	4	1	0	0
chr1	156245698	156245703	GCGCC	1	-	chr1:156245535-156245661	triMan1	3	2	0	0
chr1	156245698	156245703	GCGCC	1	-	chr1:156245535-156245661	tupChi1	2	3	0	0
chr1	156245698	156245703	GCGCC	1	-	chr1:156245535-156245661	turTru2	2	1	0	2
chr1	156245698	156245703	GCGCC	1	-	chr1:156245535-156245661	xenTro7	1	3	0	1
chr1	156245698	156245703	GCGCC	1	-	chr1:156245535-156245661	zonAlb1	0	2	0	3
chr11	489536	489541	CGGCG	1	+	chr11:489588-489733	ailMel1	3	2	0	0
chr11	489536	489541	CGGCG	1	+	chr11:489588-489733	allMis1	1	4	0	0
chr11	489536	489541	CGGCG	1	+	chr11:489588-489733	calJac3	3	2	0	0
chr11	489536	489541	CGGCG	1	+	chr11:489588-489733	canFam3	4	1	0	0
chr11	489536	489541	CGGCG	1	+	chr11:489588-489733	cavPor3	3	2	0	0
chr11	489536	489541	CGGCG	1	+	chr11:489588-489733	cerSim1	4	1	0	0
chr11	489536	489541	CGGCG	1	+	chr11:489588-489733	chiLan1	3	2	0	0
chr11	489536	489541	CGGCG	1	+	chr11:489588-489733	chlSab2	5	0	0	0
chr11	489536	489541	CGGCG	1	+	chr11:489588-489733	chrAsi1	1	4	0	0
chr11	489536	489541	CGGCG	1	+	chr11:489588-489733	colLiv1	1	4	0	0
chr11	489536	489541	CGGCG	1	+	chr11:489588-489733	criGri1	3	2	0	0
chr11	489536	489541	CGGCG	1	+	chr11:489588-489733	dasNov3	1	4	0	0
chr11	489536	489541	CGGCG	1	+	chr11:489588-489733	echTel2	1	4	0	0
chr11	489536	489541	CGGCG	1	+	chr11:489588-489733	eleEdw1	1	4	0	0
chr11	489536	489541	CGGCG	1	+	chr11:489588-489733	eptFus1	4	1	0	0
chr11	489536	489541	CGGCG	1	+	chr11:489588-489733	equCab2	3	2	0	0
chr11	489536	489541	CGGCG	1	+	chr11:489588-489733	felCat8	2	3	0	0
chr11	489536	489541	CGGCG	1	+	chr11:489588-489733	fr3	1	4	0	0
chr11	489536	489541	CGGCG	1	+	chr11:489588-489733	gasAcu1	1	4	0	0
chr11	489536	489541	CGGCG	1	+	chr11:489588-489733	gorGor3	5	0	0	0
chr11	489536	489541	CGGCG	1	+	chr11:489588-489733	hetGla2	3	2	0	0
chr11	489536	489541	CGGCG	1	+	chr11:489588-489733	jacJac1	0	5	0	0
chr11	489536	489541	CGGCG	1	+	chr11:489588-489733	lepWed1	2	3	0	0
chr11	489536	489541	CGGCG	1	+	chr11:489588-489733	macFas5	5	0	0	0
chr11	489536	489541	CGGCG	1	+	chr11:489588-489733	mesAur1	3	2	0	0
chr11	489536	489541	CGGCG	1	+	chr11:489588-489733	micOch1	3	2	0	0
chr11	489536	489541	CGGCG	1	+	chr11:489588-489733	mm10	3	2	0	0
chr11	489536	489541	CGGCG	1	+	chr11:489588-489733	musFur1	2	3	0	0
chr11	489536	489541	CGGCG	1	+	chr11:489588-489733	myoDav1	4	1	0	0
chr11	489536	489541	CGGCG	1	+	chr11:489588-489733	myoLuc2	4	1	0	0
chr11	489536	489541	CGGCG	1	+	chr11:489588-489733	ochPri3	1	4	0	0
chr11	489536	489541	CGGCG	1	+	chr11:489588-489733	octDeg1	3	2	0	0
chr11	489536	489541	CGGCG	1	+	chr11:489588-489733	odoRosDiv1	2	3	0	0
chr11	489536	489541	CGGCG	1	+	chr11:489588-489733	orcOrc1	1	4	0	0
chr11	489536	489541	CGGCG	1	+	chr11:489588-489733	ornAna1	2	3	0	0
chr11	489536	489541	CGGCG	1	+	chr11:489588-489733	oryAfe1	0	5	0	0
chr11	489536	489541	CGGCG	1	+	chr11:489588-489733	otoGar3	2	3	0	0
chr11	489536	489541	CGGCG	1	+	chr11:489588-489733	panHod1	1	4	0	0
chr11	489536	489541	CGGCG	1	+	chr11:489588-489733	panTro4	5	0	0	0
chr11	489536	489541	CGGCG	1	+	chr11:489588-489733	papAnu2	5	0	0	0
chr11	489536	489541	CGGCG	1	+	chr11:489588-489733	ponAbe2	4	1	0	0
chr11	489536	489541	CGGCG	1	+	chr11:489588-489733	pteVam1	3	2	0	0
chr11	489536	489541	CGGCG	1	+	chr11:489588-489733	rheMac3	5	0	0	0
chr11	489536	489541	CGGCG	1	+	chr11:489588-489733	rn6	3	2	0	0
chr11	489536	489541	CGGCG	1	+	chr11:489588-489733	saiBol1	4	1	0	0
chr11	489536	489541	CGGCG	1	+	chr11:489588-489733	sarHar1	0	5	0	0
chr11	489536	489541	CGGCG	1	+	chr11:489588-489733	sorAra2	1	4	0	0
chr11	489536	489541	CGGCG	1	+	chr11:489588-489733	speTri2	2	3	0	0
chr11	489536	489541	CGGCG	1	+	chr11:489588-489733	takFla1	1	4	0	0
chr11	489536	489541	CGGCG	1	+	chr11:489588-489733	tupChi1	3	2	0	0
chr11	489536	489541	CGGCG	1	+	chr11:489588-489733	turTru2	1	4	0	0
